> Task :buildSrc:checkKotlinGradlePluginConfigurationErrors
> Task :buildSrc:compileKotlin UP-TO-DATE
> Task :buildSrc:compileJava NO-SOURCE
> Task :buildSrc:compileGroovy NO-SOURCE
> Task :buildSrc:pluginDescriptors UP-TO-DATE
> Task :buildSrc:processResources NO-SOURCE
> Task :buildSrc:classes UP-TO-DATE
> Task :buildSrc:jar UP-TO-DATE

> Configure project :app-shared
ksp-2.0.21-1.0.27 is too old for kotlin-2.0.21-KBA-010. Please upgrade ksp or downgrade kotlin-gradle-plugin to 2.0.21.
ksp-2.0.21-1.0.27 is too old for kotlin-2.0.21-KBA-010. Please upgrade ksp or downgrade kotlin-gradle-plugin to 2.0.21.
ksp-2.0.21-1.0.27 is too old for kotlin-2.0.21-KBA-010. Please upgrade ksp or downgrade kotlin-gradle-plugin to 2.0.21.
ksp-2.0.21-1.0.27 is too old for kotlin-2.0.21-KBA-010. Please upgrade ksp or downgrade kotlin-gradle-plugin to 2.0.21.
ksp-2.0.21-1.0.27 is too old for kotlin-2.0.21-KBA-010. Please upgrade ksp or downgrade kotlin-gradle-plugin to 2.0.21.
ksp-2.0.21-1.0.27 is too old for kotlin-2.0.21-KBA-010. Please upgrade ksp or downgrade kotlin-gradle-plugin to 2.0.21.

FAILURE: Build failed with an exception.

* Where:
Build file '/Users/mac/Desktop/github/kmp_kuikly/core-data/build.gradle.kts' line: 1

* What went wrong:
Plugin [id: 'com.android.library'] was not found in any of the following sources:

- Gradle Core Plugins (plugin is not in 'org.gradle' namespace)
- Plugin Repositories (plugin dependency must include a version number for this source)

* Try:
> Run with --stacktrace option to get the stack trace.
> Run with --info or --debug option to get more log output.
> Run with --scan to get full insights.
> Get more help at https://help.gradle.org.

Deprecated Gradle features were used in this build, making it incompatible with Gradle 9.0.

You can use '--warning-mode all' to show the individual deprecation warnings and determine if they come from your own scripts or plugins.

For more on this, please refer to https://docs.gradle.org/8.5/userguide/command_line_interface.html#sec:command_line_warnings in the Gradle documentation.

BUILD FAILED in 2m 52s
4 actionable tasks: 1 executed, 3 up-to-date
