> Task :buildSrc:checkKotlinGradlePluginConfigurationErrors
> Task :buildSrc:compileKotlin UP-TO-DATE
> Task :buildSrc:compileJava NO-SOURCE
> Task :buildSrc:compileGroovy NO-SOURCE
> Task :buildSrc:pluginDescriptors UP-TO-DATE
> Task :buildSrc:processResources NO-SOURCE
> Task :buildSrc:classes UP-TO-DATE
> Task :buildSrc:jar UP-TO-DATE

> Configure project :app-shared
[KuiklyGradle][KuiklyPlugin] apply
[KuiklyGradle][KuiklyPlugin] Using KSP dependency: com.tencent.kuikly-open:core-ksp:2.16.0-2.1.21
The 'ksp' configuration is deprecated in Kotlin Multiplatform projects. Please use target-specific configurations like 'kspJvm' instead.
[KuiklyGradle][JSProcessor] > createPackAssetsTask packJsLocalAssetsDebug with assetsPath: null
[KuiklyGradle][JSProcessor] > createPackAssetsTask packJsSplitAssetsDebug with assetsPath: null
[KuiklyGradle][JSProcessor] > createPackAssetsTask packJsLocalAssetsRelease with assetsPath: null
[KuiklyGradle][JSProcessor] > createPackAssetsTask packJsSplitAssetsRelease with assetsPath: null
Configuration 'jsNpmAggregated' was resolved during configuration time.
This is a build performance and scalability issue.
See https://github.com/gradle/gradle/issues/2298
Run with --info for a stacktrace.
Configuration 'jsTestNpmAggregated' was resolved during configuration time.
This is a build performance and scalability issue.
See https://github.com/gradle/gradle/issues/2298
Run with --info for a stacktrace.
Configuration 'jsNpmAggregated' was resolved during configuration time.
This is a build performance and scalability issue.
See https://github.com/gradle/gradle/issues/2298
Run with --info for a stacktrace.
Configuration 'jsTestNpmAggregated' was resolved during configuration time.
This is a build performance and scalability issue.
See https://github.com/gradle/gradle/issues/2298
Run with --info for a stacktrace.
Configuration 'jsNpmAggregated' was resolved during configuration time.
This is a build performance and scalability issue.
See https://github.com/gradle/gradle/issues/2298
Run with --info for a stacktrace.
Configuration 'jsTestNpmAggregated' was resolved during configuration time.
This is a build performance and scalability issue.
See https://github.com/gradle/gradle/issues/2298
Run with --info for a stacktrace.
Configuration 'jsNpmAggregated' was resolved during configuration time.
This is a build performance and scalability issue.
See https://github.com/gradle/gradle/issues/2298
Run with --info for a stacktrace.
Configuration 'jsTestNpmAggregated' was resolved during configuration time.
This is a build performance and scalability issue.
See https://github.com/gradle/gradle/issues/2298
Run with --info for a stacktrace.
Configuration 'jsNpmAggregated' was resolved during configuration time.
This is a build performance and scalability issue.
See https://github.com/gradle/gradle/issues/2298
Run with --info for a stacktrace.
Configuration 'jsTestNpmAggregated' was resolved during configuration time.
This is a build performance and scalability issue.
See https://github.com/gradle/gradle/issues/2298
Run with --info for a stacktrace.
Configuration 'jsNpmAggregated' was resolved during configuration time.
This is a build performance and scalability issue.
See https://github.com/gradle/gradle/issues/2298
Run with --info for a stacktrace.
Configuration 'jsTestNpmAggregated' was resolved during configuration time.
This is a build performance and scalability issue.
See https://github.com/gradle/gradle/issues/2298
Run with --info for a stacktrace.
Configuration 'jsNpmAggregated' was resolved during configuration time.
This is a build performance and scalability issue.
See https://github.com/gradle/gradle/issues/2298
Run with --info for a stacktrace.
Configuration 'jsTestNpmAggregated' was resolved during configuration time.
This is a build performance and scalability issue.
See https://github.com/gradle/gradle/issues/2298
Run with --info for a stacktrace.

> Task :kotlinNodeJsSetup UP-TO-DATE
> Task :kotlinNpmCachesSetup
> Task :kotlinRestoreYarnLock UP-TO-DATE
> Task :kotlinYarnSetup UP-TO-DATE
> Task :core-data:jsPackageJson UP-TO-DATE
> Task :core-navigation:jsPackageJson UP-TO-DATE
> Task :feature-auth:jsPackageJson UP-TO-DATE
> Task :feature-feed:jsPackageJson UP-TO-DATE
> Task :platform-permission:jsPackageJson UP-TO-DATE
> Task :platform-share:jsPackageJson UP-TO-DATE
> Task :app-shared:jsPackageJson UP-TO-DATE
> Task :app-shared:jsTestPackageJson UP-TO-DATE
> Task :core-data:jsTestPackageJson UP-TO-DATE
> Task :core-navigation:jsTestPackageJson UP-TO-DATE
> Task :feature-auth:jsTestPackageJson UP-TO-DATE
> Task :feature-feed:jsTestPackageJson UP-TO-DATE
> Task :h5App:jsPackageJson UP-TO-DATE
> Task :h5App:jsTestPackageJson UP-TO-DATE
> Task :platform-permission:jsTestPackageJson UP-TO-DATE
> Task :platform-share:jsTestPackageJson UP-TO-DATE
> Task :app-shared:jsPublicPackageJson UP-TO-DATE
> Task :app-shared:jsTestPublicPackageJson UP-TO-DATE
> Task :core-data:jsPublicPackageJson UP-TO-DATE
> Task :core-data:jsTestPublicPackageJson UP-TO-DATE
> Task :core-navigation:jsPublicPackageJson UP-TO-DATE
> Task :core-navigation:jsTestPublicPackageJson UP-TO-DATE
> Task :feature-auth:jsPublicPackageJson UP-TO-DATE
> Task :feature-auth:jsTestPublicPackageJson UP-TO-DATE
> Task :feature-feed:jsPublicPackageJson UP-TO-DATE
> Task :feature-feed:jsTestPublicPackageJson UP-TO-DATE
> Task :h5App:jsPublicPackageJson UP-TO-DATE
> Task :h5App:jsTestPublicPackageJson UP-TO-DATE
> Task :platform-permission:jsPublicPackageJson UP-TO-DATE
> Task :platform-permission:jsTestPublicPackageJson UP-TO-DATE
> Task :platform-share:jsPublicPackageJson UP-TO-DATE
> Task :platform-share:jsTestPublicPackageJson UP-TO-DATE
> Task :packageJsonUmbrella UP-TO-DATE
> Task :rootPackageJson UP-TO-DATE
> Task :kotlinNpmInstall UP-TO-DATE
> Task :kotlinStoreYarnLock UP-TO-DATE
> Task :h5App:checkKotlinGradlePluginConfigurationErrors SKIPPED
> Task :h5App:compileKotlinJs UP-TO-DATE
> Task :h5App:jsProcessResources UP-TO-DATE
> Task :h5App:jsMainClasses UP-TO-DATE
> Task :h5App:compileDevelopmentExecutableKotlinJs UP-TO-DATE
> Task :h5App:jsDevelopmentExecutableCompileSync UP-TO-DATE

> Task :h5App:jsBrowserDevelopmentRun
<i> [webpack-dev-server] Project is running at:
<i> [webpack-dev-server] Loopback: http://localhost:8081/
<i> [webpack-dev-server] On Your Network (IPv4): http://172.16.0.83:8081/
<i> [webpack-dev-server] On Your Network (IPv6): http://[fe80::1]:8081/
<i> [webpack-dev-server] Content not from webpack is served from 'kotlin, ../../../../h5App/build/processedResources/js/main' directory
<i> [webpack-dev-middleware] wait until bundle finished: /
asset h5App.js 3.27 MiB [emitted] (name: main)
runtime modules 27.4 KiB 12 modules
modules by path ../../node_modules/ 129 KiB
  modules by path ../../node_modules/webpack-dev-server/client/ 71.8 KiB 16 modules
  modules by path ../../node_modules/webpack/hot/*.js 5.17 KiB 4 modules
  modules by path ../../node_modules/html-entities/dist/esm/*.js 33.3 KiB
    ../../node_modules/html-entities/dist/esm/index.js 4.94 KiB [built] [code generated]
    + 3 modules
  ../../node_modules/ansi-html-community/index.js 4.16 KiB [built] [code generated]
  ../../node_modules/events/events.js 14.5 KiB [built] [code generated]
modules with warnings 1.73 MiB [warnings]
  ./kotlin/kmp_kuikly-h5App.js 57.3 KiB [built] [code generated] [7 warnings]
  ./kotlin/kotlin-kotlin-stdlib.js 764 KiB [built] [code generated] [175 warnings]
  ./kotlin/KuiklyCore-render-web-base.js 699 KiB [built] [code generated] [102 warnings]
  ./kotlin/KuiklyCore-render-web-h5.js 242 KiB [built] [code generated] [22 warnings]
  ./kotlin/kotlin_org_jetbrains_kotlin_kotlin_dom_api_compat.js 6.11 KiB [built] [code generated] [4 warnings]
webpack 5.94.0 compiled successfully in 1511 ms
